[2026-07-17 16:50:57] === Daily cron start ===
[2026-07-17 16:50:57] Generating 3 new idioms...
Existing: 51 idioms
Candidates available: 158
Generating 3 new idioms...

  → 开门见山 (kāi mén jiàn shān)
    OK: literal='open, door, see, mountain...'
  → 三顾茅庐 (sān gù máo lú)
    OK: literal='three, visit, thatched, cottage...'
  → 惊天动地 (jīng tiān dòng dì)
    OK: literal='startle heaven, move earth...'

Added 3 idioms. Total: 54
[2026-07-17 16:52:07] Generation OK
[2026-07-17 16:52:07] Regenerating site...
Loading data...
  → 54 idioms loaded
Loading templates...
Generating idiom pages...
  → 54 idiom pages generated
Generating index page...
Generating categories page...
Copying about page...
Generating sitemap.xml...
Generating robots.txt...

==================================================
✓ Done! 54 idiom pages + index + categories + about + sitemap
  Output: /Users/zhangyunyi/projects/idiom-dict/docs
==================================================

To preview locally:
  cd /Users/zhangyunyi/projects/idiom-dict/docs && python3 -m http.server 8000
  then open http://localhost:8000
[2026-07-17 16:52:07] Site regenerated
[2026-07-17 16:52:07] Pushing to GitHub...
